------------------------------------------------------------
TimeQuest Timing Analyzer Summary
------------------------------------------------------------

Type  : Slow 1200mV 85C Model Setup 'CLOCK_50'
Slack : -4.157
TNS   : -73.096

Type  : Slow 1200mV 85C Model Setup 'FreqDivider:frequency|clkOut'
Slack : -0.852
TNS   : -2.683

Type  : Slow 1200mV 85C Model Hold 'FreqDivider:frequency|clkOut'
Slack : 0.405
TNS   : 0.000

Type  : Slow 1200mV 85C Model Hold 'CLOCK_50'
Slack : 0.653
TNS   : 0.000

Type  : Slow 1200mV 85C Model Minimum Pulse Width 'CLOCK_50'
Slack : -3.000
TNS   : -45.405

Type  : Slow 1200mV 85C Model Minimum Pulse Width 'FreqDivider:frequency|clkOut'
Slack : -1.285
TNS   : -5.140

Type  : Slow 1200mV 0C Model Setup 'CLOCK_50'
Slack : -3.736
TNS   : -62.793

Type  : Slow 1200mV 0C Model Setup 'FreqDivider:frequency|clkOut'
Slack : -0.668
TNS   : -2.027

Type  : Slow 1200mV 0C Model Hold 'FreqDivider:frequency|clkOut'
Slack : 0.357
TNS   : 0.000

Type  : Slow 1200mV 0C Model Hold 'CLOCK_50'
Slack : 0.597
TNS   : 0.000

Type  : Slow 1200mV 0C Model Minimum Pulse Width 'CLOCK_50'
Slack : -3.000
TNS   : -45.405

Type  : Slow 1200mV 0C Model Minimum Pulse Width 'FreqDivider:frequency|clkOut'
Slack : -1.285
TNS   : -5.140

Type  : Fast 1200mV 0C Model Setup 'CLOCK_50'
Slack : -1.588
TNS   : -19.928

Type  : Fast 1200mV 0C Model Setup 'FreqDivider:frequency|clkOut'
Slack : 0.108
TNS   : 0.000

Type  : Fast 1200mV 0C Model Hold 'FreqDivider:frequency|clkOut'
Slack : 0.184
TNS   : 0.000

Type  : Fast 1200mV 0C Model Hold 'CLOCK_50'
Slack : 0.297
TNS   : 0.000

Type  : Fast 1200mV 0C Model Minimum Pulse Width 'CLOCK_50'
Slack : -3.000
TNS   : -38.071

Type  : Fast 1200mV 0C Model Minimum Pulse Width 'FreqDivider:frequency|clkOut'
Slack : -1.000
TNS   : -4.000

------------------------------------------------------------
